// Jest Snapshot v1, https://goo.gl/fbAQLP

exports[`PlaylistTable matches snapshot 1`] = `
<div>
  <div
    class="relative w-full overflow-auto"
  >
    <table
      class="w-full caption-bottom text-sm"
    >
      <thead
        class="[&_tr]:border-b"
      >
        <tr
          class="border-b transition-colors hover:bg-muted/50 data-[state=selected]:bg-muted"
        >
          <th
            class="h-10 px-2 text-left align-middle font-medium text-muted-foreground [&:has([role=checkbox])]:pr-0 [&>[role=checkbox]]:translate-y-[2px]"
          >
            Image
          </th>
          <th
            class="h-10 px-2 text-left align-middle font-medium text-muted-foreground [&:has([role=checkbox])]:pr-0 [&>[role=checkbox]]:translate-y-[2px]"
          >
            Name
          </th>
          <th
            class="h-10 px-2 text-left align-middle font-medium text-muted-foreground [&:has([role=checkbox])]:pr-0 [&>[role=checkbox]]:translate-y-[2px]"
          >
            Tracks
          </th>
        </tr>
      </thead>
      <tbody
        class="[&_tr:last-child]:border-0"
      >
        <tr
          class="border-b transition-colors hover:bg-muted/50 data-[state=selected]:bg-muted"
        >
          <td
            class="p-2 align-middle [&:has([role=checkbox])]:pr-0 [&>[role=checkbox]]:translate-y-[2px]"
          >
            <img
              alt="Playlist 1"
              class="w-12 h-12 object-cover rounded-full"
              height="48"
              src="https://example.com/image1.jpg"
              width="48"
            />
          </td>
          <td
            class="p-2 align-middle [&:has([role=checkbox])]:pr-0 [&>[role=checkbox]]:translate-y-[2px]"
          >
            Playlist 1
          </td>
          <td
            class="p-2 align-middle [&:has([role=checkbox])]:pr-0 [&>[role=checkbox]]:translate-y-[2px]"
          >
            10
          </td>
        </tr>
        <tr
          class="border-b transition-colors hover:bg-muted/50 data-[state=selected]:bg-muted"
        >
          <td
            class="p-2 align-middle [&:has([role=checkbox])]:pr-0 [&>[role=checkbox]]:translate-y-[2px]"
          >
            <img
              alt="Playlist 2"
              class="w-12 h-12 object-cover rounded-full"
              height="48"
              src="https://example.com/image2.jpg"
              width="48"
            />
          </td>
          <td
            class="p-2 align-middle [&:has([role=checkbox])]:pr-0 [&>[role=checkbox]]:translate-y-[2px]"
          >
            Playlist 2
          </td>
          <td
            class="p-2 align-middle [&:has([role=checkbox])]:pr-0 [&>[role=checkbox]]:translate-y-[2px]"
          >
            20
          </td>
        </tr>
      </tbody>
    </table>
  </div>
</div>
`;
